Microchip MPLAB XC8 Compiler V2.46

Linker command line:

-W-3 \
  --edf=C:\Program Files\Microchip\xc8\v2.46\pic\dat\20240104201356_en.msgs \
  -cn -h+dist/default/production\Washing_machine.X.production.sym \
  --cmf=dist/default/production\Washing_machine.X.production.cmf -z \
  -Q16F877A -oC:\Users\Tobi\AppData\Local\Temp\xcAs9q8.\driver_tmp_3.o \
  --defsym=__MPLAB_BUILD=1 --fixupoverflow=error \
  -Mdist/default/production/Washing_machine.X.production.map \
  --md=C:\Users\Tobi\AppData\Local\Temp\xcAs9q8.\driver_tmp_0.dat -E1 \
  -ver=XC8 Compiler --acfsm=1493 -ACODE=00h-07FFhx4 -ASTRCODE=00h-01FFFh \
  -ASTRING=00h-0FFhx32 -ACONST=00h-0FFhx32 -AENTRY=00h-0FFhx32 \
  -ACOMMON=070h-07Fh -ABANK0=020h-06Fh -ABANK1=0A0h-0EFh \
  -ABANK2=0110h-016Fh -ABANK3=0190h-01EFh \
  -ARAM=020h-06Fh,0A0h-0EFh,0110h-016Fh,0190h-01EFh \
  -AABS1=020h-07Fh,0A0h-0EFh,0110h-016Fh,0190h-01EFh -ASFR0=00h-01Fh \
  -ASFR1=080h-09Fh -ASFR2=0100h-010Fh -ASFR3=0180h-018Fh \
  -ACONFIG=02007h-02007h -DCONFIG=2 -AIDLOC=02000h-02003h -DIDLOC=2 \
  -AEEDATA=00h-0FFh/02100h -peeprom_data=EEDATA -DEEDATA=2 -DCODE=2 \
  -DSTRCODE=2 -DSTRING=2 -DCONST=2 -DENTRY=2 \
  -preset_vec=00h,intentry,sivt,init,end_init -ppowerup=CODE -pcinit=CODE \
  -pfunctab=ENTRY -k \
  C:\Users\Tobi\AppData\Local\Temp\xcAs9q8.\driver_tmp_12.o \
  dist/default/production\Washing_machine.X.production.o 

Object code version is 3.11

Machine type is 16F877A



                Name                               Link     Load   Length Selector   Space Scale
C:\Users\Tobi\AppData\Local\Temp\xcAs9q8.\driver_tmp_12.o
                end_init                              0        0        3        0       0
                config                             2007     2007        1        0       4
dist/default/production\Washing_machine.X.production.o
                cinit                               7F6      7F6        A      FEC       0
                config                             2007     2007        1        0       4
                text10                              6A8      6A8       20      D50       0
                text9                               7A3      7A3       53      F46       0
                text8                               674      674        B      CE8       0
                text7                               66E      66E        6      CDC       0
                text6                               67F      67F        B      CFE       0
                text5                               6C8      6C8       28      D90       0
                text4                               697      697       11      D2E       0
                text3                               68A      68A        D      D14       0
                text2                               758      758       4B      EB0       0
                text1                               6F0      6F0       2A      DE0       0
                maintext                            71A      71A       3E      E34       0
                cstackCOMMON                         70       70        B       70       1
                dataCOMMON                           7B       7B        1       70       1
                strings                               3        3       49        6       0
                idataCOMMON                         66D      66D        1      CDA       0

TOTAL           Name                               Link     Load   Length     Space
        CLASS   CODE           
                end_init                              0        0        3         0
                cinit                               7F6      7F6        A         0
                text10                              6A8      6A8       20         0
                text9                               7A3      7A3       53         0
                text8                               674      674        B         0
                text7                               66E      66E        6         0
                text6                               67F      67F        B         0
                text5                               6C8      6C8       28         0
                text4                               697      697       11         0
                text3                               68A      68A        D         0
                text2                               758      758       4B         0
                text1                               6F0      6F0       2A         0
                maintext                            71A      71A       3E         0
                idataCOMMON                         66D      66D        1         0

        CLASS   STRCODE        

        CLASS   STRING         
                strings                               3        3       49         0

        CLASS   CONST          

        CLASS   ENTRY          

        CLASS   COMMON         
                cstackCOMMON                         70       70        B         1
                dataCOMMON                           7B       7B        1         1

        CLASS   BANK0          

        CLASS   BANK1          

        CLASS   BANK2          

        CLASS   BANK3          

        CLASS   RAM            

        CLASS   ABS1           
                abs_s1                               7E       7E        2         1

        CLASS   SFR0           

        CLASS   SFR1           

        CLASS   SFR2           

        CLASS   SFR3           

        CLASS   CONFIG         
                config                             2007     2007        1         4

        CLASS   IDLOC          

        CLASS   EEDATA         

        CLASS   HEAP           

        CLASS   STACK          



SEGMENTS        Name                           Load    Length   Top    Selector   Space  Class     Delta

                reset_vec                      000000  000003  000003         0       0  CODE        2
                strings                        000003  000049  00004C         6       0  STRING      2
                cstackCOMMON                   000070  00000C  00007C        70       1  COMMON      1
                idataCOMMON                    00066D  000001  00066E       CDA       0  CODE        2
                text7                          00066E  000006  000674       CDC       0  CODE        2
                text8                          000674  00000B  00067F       CE8       0  CODE        2
                text6                          00067F  00000B  00068A       CFE       0  CODE        2
                text3                          00068A  00000D  000697       D14       0  CODE        2
                text4                          000697  000011  0006A8       D2E       0  CODE        2
                text10                         0006A8  000020  0006C8       D50       0  CODE        2
                text5                          0006C8  000028  0006F0       D90       0  CODE        2
                text1                          0006F0  00002A  00071A       DE0       0  CODE        2
                maintext                       00071A  00003E  000758       E34       0  CODE        2
                text2                          000758  00004B  0007A3       EB0       0  CODE        2
                text9                          0007A3  000053  0007F6       F46       0  CODE        2
                cinit                          0007F6  00000A  000800       FEC       0  CODE        2


UNUSED ADDRESS RANGES

        Name                Unused          Largest block    Delta
        BANK0            0020-006F             50           1
        BANK1            00A0-00EF             50           1
        BANK2            0110-016F             60           1
        BANK3            0190-01EF             60           1
        CODE             004C-066C            621           2
                         0800-1FFF            800
        COMMON           007C-007D              2           1
        CONST            004C-066C            100           2
                         0800-1FFF            100
        EEDATA           2100-21FF            100           2
        ENTRY            004C-066C            100           2
                         0800-1FFF            100
        IDLOC            2000-2003              4           2
        RAM              0020-006F             50           1
                         00A0-00EF             50
                         0110-016F             60
                         0190-01EF             60
        SFR0             0000-001F             20           1
        SFR1             0080-009F             20           1
        SFR2             0100-010F             10           1
        SFR3             0180-018F             10           1
        STRCODE          004C-066C            621           2
                         0800-1FFF           1800
        STRING           004C-066C            100           2
                         0800-1FFF            100

                                  Symbol Table

_PORTB                           (abs)        0006
_PORTD                           (abs)        0008
_PR2                             (abs)        0092
_RE1                             (abs)        0049
_RE2                             (abs)        004A
_T2CKPS0                         (abs)        0090
_T2CKPS1                         (abs)        0091
_TMR2IE                          (abs)        0461
_TMR2ON                          (abs)        0092
_TRISB                           (abs)        0086
_TRISD                           (abs)        0088
_TRISE1                          (abs)        0449
_TRISE2                          (abs)        044A
__H__absolute__                  __absolute__ 0000
__Habs1                          abs1         0000
__Hbank0                         bank0        0000
__Hbank1                         bank1        0000
__Hbank2                         bank2        0000
__Hbank3                         bank3        0000
__Hcinit                         cinit        0800
__Hclrtext                       clrtext      0000
__Hcode                          code         0000
__Hcommon                        common       0000
__Hconfig                        config       2008
__HcstackCOMMON                  cstackCOMMON 0000
__HdataCOMMON                    dataCOMMON   0000
__Heeprom_data                   eeprom_data  0000
__Hend_init                      end_init     0003
__Hfunctab                       functab      0000
__Hheap                          heap         0000
__HidataCOMMON                   idataCOMMON  0000
__Hinit                          init         0000
__Hintentry                      intentry     0000
__Hmaintext                      maintext     0000
__Hpowerup                       powerup      0000
__Hram                           ram          0000
__Hreset_vec                     reset_vec    0000
__Hsfr0                          sfr0         0000
__Hsfr1                          sfr1         0000
__Hsfr2                          sfr2         0000
__Hsfr3                          sfr3         0000
__Hsivt                          sivt         0000
__Hspace_0                       (abs)        0800
__Hspace_1                       (abs)        007C
__Hspace_2                       (abs)        0000
__Hspace_3                       (abs)        0000
__Hspace_4                       (abs)        400F
__Hstack                         stack        0000
__Hstrings                       strings      0000
__Htext                          text         0000
__L__absolute__                  __absolute__ 0000
__Labs1                          abs1         0000
__Lbank0                         bank0        0000
__Lbank1                         bank1        0000
__Lbank2                         bank2        0000
__Lbank3                         bank3        0000
__Lcinit                         cinit        07F6
__Lclrtext                       clrtext      0000
__Lcode                          code         0000
__Lcommon                        common       0000
__Lconfig                        config       0000
__LcstackCOMMON                  cstackCOMMON 0000
__LdataCOMMON                    dataCOMMON   0000
__Leeprom_data                   eeprom_data  0000
__Lend_init                      end_init     0000
__Lfunctab                       functab      0000
__Lheap                          heap         0000
__LidataCOMMON                   idataCOMMON  0000
__Linit                          init         0000
__Lintentry                      intentry     0000
__Lmaintext                      maintext     0000
__Lpowerup                       powerup      0000
__Lram                           ram          0000
__Lreset_vec                     reset_vec    0000
__Lsfr0                          sfr0         0000
__Lsfr1                          sfr1         0000
__Lsfr2                          sfr2         0000
__Lsfr3                          sfr3         0000
__Lsivt                          sivt         0000
__Lspace_0                       (abs)        0000
__Lspace_1                       (abs)        0000
__Lspace_2                       (abs)        0000
__Lspace_3                       (abs)        0000
__Lspace_4                       (abs)        0000
__Lstack                         stack        0000
__Lstrings                       strings      0000
__Ltext                          text         0000
__S0                             (abs)        0800
__S1                             (abs)        007C
__S3                             (abs)        0000
___heap_hi                       (abs)        0000
___heap_lo                       (abs)        0000
___int_sp                        stack        0000
___int_stack_hi                  stack        0000
___int_stack_lo                  stack        0000
___latbits                       (abs)        0002
___sp                            stack        0000
___stack_hi                      stack        0000
___stack_lo                      stack        0000
___stackhi                       (abs)        0000
___stacklo                       (abs)        0000
__end_of__initialization         cinit        07FC
__end_of__stringtab              strings      0009
__end_of_clcd_print              text5        06F0
__end_of_clcd_putch              text4        06A8
__end_of_clcd_write              text10       06C8
__end_of_clear_screen            text3        0697
__end_of_init_clcd               text8        067F
__end_of_init_config             text6        068A
__end_of_init_digital_keypad     text7        0674
__end_of_init_display_controller text9        07F6
__end_of_main                    maintext     0758
__end_of_power_on_screen         text2        07A3
__end_of_read_digital_keypad     text1        071A
__initialization                 cinit        07F6
__pcstackCOMMON                  cstackCOMMON 0070
__pdataCOMMON                    dataCOMMON   007B
__pidataCOMMON                   idataCOMMON  066D
__pmaintext                      maintext     071A
__pstrings                       strings      0003
__ptext1                         text1        06F0
__ptext10                        text10       06A8
__ptext2                         text2        0758
__ptext3                         text3        068A
__ptext4                         text4        0697
__ptext5                         text5        06C8
__ptext6                         text6        067F
__ptext7                         text7        066E
__ptext8                         text8        0674
__ptext9                         text9        07A3
__stringbase                     strings      0008
__stringtab                      strings      0003
_clcd_print                      text5        06C8
_clcd_putch                      text4        0697
_clcd_write                      text10       06A8
_clear_screen                    text3        068A
_init_clcd                       text8        0674
_init_config                     text6        067F
_init_digital_keypad             text7        066E
_init_display_controller         text9        07A3
_main                            maintext     071A
_power_on_screen                 text2        0758
_read_digital_keypad             text1        06F0
btemp                            (abs)        007E
clcd_print@addr                  cstackCOMMON 0074
clcd_print@str                   cstackCOMMON 0075
clcd_putch@addr                  cstackCOMMON 0074
clcd_putch@data                  cstackCOMMON 0075
clcd_write@byte                  cstackCOMMON 0073
clcd_write@mode                  cstackCOMMON 0070
end_of_initialization            cinit        07FC
intlevel0                        functab      0000
intlevel1                        functab      0000
intlevel2                        functab      0000
intlevel3                        functab      0000
intlevel4                        functab      0000
intlevel5                        functab      0000
power_on_screen@i                cstackCOMMON 0079
power_on_screen@i_62             cstackCOMMON 007A
read_digital_keypad@mode         cstackCOMMON 0071
read_digital_keypad@once         dataCOMMON   007B
reset_vec                        reset_vec    0000
start                            init         0000
start_initialization             cinit        07F6
wtemp0                           (abs)        007E


MODULE INFORMATION

Module		Function		Class		Link	Load	Size
digital_keypad.c
		_init_digital_keypad		CODE           	066E	0000	6
		_read_digital_keypad		CODE           	06F0	0000	42

digital_keypad.c estimated size: 48

shared
		__stringtab    		STRING         	0003	0000	6
		__initialization		CODE           	07F6	0000	6

shared estimated size: 12

clcd.c
		_clcd_write    		CODE           	06A8	0000	32
		_clear_screen  		CODE           	068A	0000	13
		_clcd_print    		CODE           	06C8	0000	40
		_clcd_putch    		CODE           	0697	0000	17
		_init_display_controller		CODE           	07A3	0000	83
		_init_clcd     		CODE           	0674	0000	11

clcd.c estimated size: 196

main.c
		_main          		CODE           	071A	0000	62
		_power_on_screen		CODE           	0758	0000	75
		_init_config   		CODE           	067F	0000	11

main.c estimated size: 148

